[andit.co/projects/html/and-tour/demo/index.html]
[backblue.gif]
[fade.gif]
[index.html]
[andit.co/projects/html/and-tour/demo/assets/css/bootstrap.min.css]
[andit.co/projects/html/and-tour/demo/assets/css/animate.min.css]
[andit.co/projects/html/and-tour/demo/assets/css/fontawesome.all.min.css]
[cdn.jsdelivr.net/npm/bootstrap-icons@1.8.2/font/bootstrap-icons.css]
[andit.co/projects/html/and-tour/demo/assets/css/owl.carousel.min.css]
[andit.co/projects/html/and-tour/demo/assets/css/owl.theme.default.min.css]
[andit.co/projects/html/and-tour/demo/assets/css/navber.css]
[andit.co/projects/html/and-tour/demo/assets/css/meanmenu.css]
[andit.co/projects/html/and-tour/demo/assets/css/style.css]
[andit.co/projects/html/and-tour/demo/assets/css/responsive.css]
[andit.co/projects/html/and-tour/demo/assets/img/favicon.png]
[andit.co/projects/html/and-tour/demo/login.html]
[andit.co/projects/html/and-tour/demo/register.html]
[andit.co/projects/html/and-tour/demo/assets/img/logo.png]
[andit.co/projects/html/and-tour/demo/index-2.html]
[andit.co/projects/html/and-tour/demo/index-3.html]
[andit.co/projects/html/and-tour/demo/index-4.html]
[andit.co/projects/html/and-tour/demo/tour-search.html]
[andit.co/projects/html/and-tour/demo/tour-search-list.html]
[andit.co/projects/html/and-tour/demo/tour-search-map.html]
[andit.co/projects/html/and-tour/demo/tour-details.html]
[andit.co/projects/html/and-tour/demo/tour-booking-submission.html]
[andit.co/projects/html/and-tour/demo/top-destinations.html]
[andit.co/projects/html/and-tour/demo/top-destinations-details.html]
[andit.co/projects/html/and-tour/demo/flight-search-result.html]
[andit.co/projects/html/and-tour/demo/flight-booking-submission.html]
[andit.co/projects/html/and-tour/demo/hotel-search.html]
[andit.co/projects/html/and-tour/demo/hotel-search-list.html]
[andit.co/projects/html/and-tour/demo/hotel-map.html]
[andit.co/projects/html/and-tour/demo/hotel-details.html]
[andit.co/projects/html/and-tour/demo/room-details.html]
[andit.co/projects/html/and-tour/demo/room-booking.html]
[andit.co/projects/html/and-tour/demo/visa-details.html]
[andit.co/projects/html/and-tour/demo/visa-application.html]
[andit.co/projects/html/and-tour/demo/visa-info.html]
[andit.co/projects/html/and-tour/demo/apartment-search.html]
[andit.co/projects/html/and-tour/demo/apartment-search-list.html]
[andit.co/projects/html/and-tour/demo/apartment-search-map.html]
[andit.co/projects/html/and-tour/demo/apartment-details.html]
[andit.co/projects/html/and-tour/demo/apartment-booking.html]
[andit.co/projects/html/and-tour/demo/bus-search-list.html]
[andit.co/projects/html/and-tour/demo/bus-search-map.html]
[andit.co/projects/html/and-tour/demo/bus-booking.html]
[andit.co/projects/html/and-tour/demo/cruise-search-list.html]
[andit.co/projects/html/and-tour/demo/cruise-map.html]
[andit.co/projects/html/and-tour/demo/cruise-details.html]
[andit.co/projects/html/and-tour/demo/cruise-booking.html]
[andit.co/projects/html/and-tour/demo/about.html]
[andit.co/projects/html/and-tour/demo/tour-guides.html]
[andit.co/projects/html/and-tour/demo/testimonials.html]
[andit.co/projects/html/and-tour/demo/faqs.html]
[andit.co/projects/html/and-tour/demo/booking-confirmation.html]
[andit.co/projects/html/and-tour/demo/become-expert.html]
[andit.co/projects/html/and-tour/demo/forgot-password.html]
[andit.co/projects/html/and-tour/demo/verify-otp.html]
[andit.co/projects/html/and-tour/demo/reset-password.html]
[andit.co/projects/html/and-tour/demo/privacy-policy.html]
[andit.co/projects/html/and-tour/demo/error.html]
[andit.co/projects/html/and-tour/demo/dashboard.html]
[andit.co/projects/html/and-tour/demo/hotel-booking.html]
[andit.co/projects/html/and-tour/demo/flight-booking.html]
[andit.co/projects/html/and-tour/demo/tour-booking.html]
[andit.co/projects/html/and-tour/demo/booking-history.html]
[andit.co/projects/html/and-tour/demo/my-profile.html]
[andit.co/projects/html/and-tour/demo/wallet.html]
[andit.co/projects/html/and-tour/demo/notification.html]
[andit.co/projects/html/and-tour/demo/news.html]
[andit.co/projects/html/and-tour/demo/news-v2.html]
[andit.co/projects/html/and-tour/demo/news-v3.html]
[andit.co/projects/html/and-tour/demo/news-v4.html]
[andit.co/projects/html/and-tour/demo/news-details.html]
[andit.co/projects/html/and-tour/demo/news-details-v2.html]
[andit.co/projects/html/and-tour/demo/contact.html]
[andit.co/projects/html/and-tour/demo/contact-v2.html]
[andit.co/projects/html/and-tour/demo/become-vendor.html]
[andit.co/projects/html/and-tour/demo/assets/img/imagination/imagination1.png]
[andit.co/projects/html/and-tour/demo/assets/img/imagination/imagination2.png]
[andit.co/projects/html/and-tour/demo/assets/img/imagination/imagination3.png]
[andit.co/projects/html/and-tour/demo/assets/img/destination/big-img.png]
[andit.co/projects/html/and-tour/demo/assets/img/destination/destination1.png]
[andit.co/projects/html/and-tour/demo/assets/img/destination/destination2.png]
[andit.co/projects/html/and-tour/demo/assets/img/destination/destination3.png]
[andit.co/projects/html/and-tour/demo/assets/img/destination/destination4.png]
[andit.co/projects/html/and-tour/demo/assets/img/destination/destination5.png]
[andit.co/projects/html/and-tour/demo/assets/img/destination/destination6.png]
[andit.co/projects/html/and-tour/demo/assets/img/destination/destination7.png]
[andit.co/projects/html/and-tour/demo/assets/img/destination/destination8.png]
[andit.co/projects/html/and-tour/demo/assets/img/tab-img/hotel1.png]
[andit.co/projects/html/and-tour/demo/assets/img/tab-img/hotel2.png]
[andit.co/projects/html/and-tour/demo/assets/img/tab-img/hotel3.png]
[andit.co/projects/html/and-tour/demo/assets/img/tab-img/hotel4.png]
[andit.co/projects/html/and-tour/demo/assets/img/tab-img/hotel5.png]
[andit.co/projects/html/and-tour/demo/assets/img/tab-img/hotel6.png]
[andit.co/projects/html/and-tour/demo/assets/img/tab-img/hotel7.png]
[andit.co/projects/html/and-tour/demo/assets/img/tab-img/hotel8.png]
[andit.co/projects/html/and-tour/demo/assets/img/offer/offer1.png]
[andit.co/projects/html/and-tour/demo/assets/img/offer/offer2.png]
[andit.co/projects/html/and-tour/demo/assets/img/offer/offer3.png]
[andit.co/projects/html/and-tour/demo/assets/img/destination/destination-small1.png]
[andit.co/projects/html/and-tour/demo/assets/img/destination/destination-small2.png]
[andit.co/projects/html/and-tour/demo/assets/img/destination/destination-small3.png]
[andit.co/projects/html/and-tour/demo/assets/img/destination/destination-small4.png]
[andit.co/projects/html/and-tour/demo/assets/img/destination/destination-small5.png]
[andit.co/projects/html/and-tour/demo/assets/img/destination/destination-small6.png]
[andit.co/projects/html/and-tour/demo/assets/img/news/small1.png]
[andit.co/projects/html/and-tour/demo/assets/img/news/small2.png]
[andit.co/projects/html/and-tour/demo/assets/img/news/small3.png]
[andit.co/projects/html/and-tour/demo/assets/img/news/small4.png]
[andit.co/projects/html/and-tour/demo/assets/img/news/new-big.png]
[andit.co/projects/html/and-tour/demo/assets/img/partner/1.png]
[andit.co/projects/html/and-tour/demo/assets/img/partner/3.png]
[andit.co/projects/html/and-tour/demo/assets/img/partner/4.png]
[andit.co/projects/html/and-tour/demo/assets/img/partner/5.png]
[andit.co/projects/html/and-tour/demo/assets/img/partner/8.png]
[andit.co/projects/html/and-tour/demo/assets/img/common/email.png]
[andit.co/projects/html/and-tour/demo/terms-service.html]
[andit.co/projects/html/and-tour/demo/faq.html]
[andit.co/projects/html/and-tour/demo/assets/img/common/cards.png]
[andit.co/projects/html/and-tour/demo/assets/js/bootstrap.bundle.js]
[andit.co/projects/html/and-tour/demo/assets/js/jquery-3.6.0.min.js]
[andit.co/projects/html/and-tour/demo/assets/js/wow.min.js]
[andit.co/projects/html/and-tour/demo/assets/js/custom.js]
[andit.co/projects/html/and-tour/demo/assets/js/add-form.js]
[andit.co/projects/html/and-tour/demo/assets/js/form-dropdown.js]
[andit.co/projects/html/and-tour/demo/index.html]
[andit.co/projects/html/and-tour/demo/assets/css/bootstrap.min.css]
[andit.co/projects/html/and-tour/demo/assets/css/animate.min.css]
[andit.co/projects/html/and-tour/demo/assets/webfonts/fa-brands-400.eot]
[andit.co/projects/html/and-tour/demo/assets/webfonts/fa-brands-400d41dd41d.eot]
[andit.co/projects/html/and-tour/demo/assets/webfonts/fa-brands-400.woff2]
[andit.co/projects/html/and-tour/demo/assets/webfonts/fa-brands-400.woff]
[andit.co/projects/html/and-tour/demo/assets/webfonts/fa-brands-400.ttf]
[andit.co/projects/html/and-tour/demo/assets/webfonts/fa-regular-400.eot]
[andit.co/projects/html/and-tour/demo/assets/webfonts/fa-regular-400d41dd41d.eot]
[andit.co/projects/html/and-tour/demo/assets/webfonts/fa-brands-400.svg]
[andit.co/projects/html/and-tour/demo/assets/webfonts/fa-regular-400.woff2]
[andit.co/projects/html/and-tour/demo/assets/webfonts/fa-regular-400.woff]
[andit.co/projects/html/and-tour/demo/assets/webfonts/fa-regular-400.ttf]
[andit.co/projects/html/and-tour/demo/assets/webfonts/fa-regular-400.svg]
[andit.co/projects/html/and-tour/demo/assets/webfonts/fa-solid-900.eot]
[andit.co/projects/html/and-tour/demo/assets/webfonts/fa-solid-900d41dd41d.eot]
[andit.co/projects/html/and-tour/demo/assets/webfonts/fa-solid-900.woff2]
[andit.co/projects/html/and-tour/demo/assets/webfonts/fa-solid-900.woff]
[andit.co/projects/html/and-tour/demo/assets/webfonts/fa-solid-900.ttf]
[andit.co/projects/html/and-tour/demo/assets/css/fontawesome.all.min.css]
[cdn.jsdelivr.net/npm/bootstrap-icons@1.8.2/font/fonts/bootstrap-iconse8a7.woff2]
[cdn.jsdelivr.net/npm/bootstrap-icons@1.8.2/font/fonts/bootstrap-iconse8a7.woff]
[cdn.jsdelivr.net/npm/bootstrap-icons@1.8.2/font/bootstrap-icons.css]
[andit.co/projects/html/and-tour/demo/assets/css/owl.video.play.96.delayed]
[andit.co/projects/html/and-tour/demo/assets/css/owl.carousel.min.css]
[andit.co/projects/html/and-tour/demo/assets/css/owl.theme.default.min.css]
[andit.co/projects/html/and-tour/demo/assets/css/navber.css]
[andit.co/projects/html/and-tour/demo/assets/css/meanmenu.css]
[andit.co/projects/html/and-tour/demo/assets/img/banner/bg.png]
[andit.co/projects/html/and-tour/demo/assets/webfonts/fa-solid-900.svg]
[andit.co/projects/html/and-tour/demo/assets/img/common/video_bg.png]
[andit.co/projects/html/and-tour/demo/assets/img/banner/client-bg.png]
[andit.co/projects/html/and-tour/demo/assets/img/banner/banner-three.png]
[andit.co/projects/html/and-tour/demo/assets/img/common/bg.png]
[andit.co/projects/html/and-tour/demo/assets/img/banner/common-banner.png]
[andit.co/projects/html/and-tour/demo/assets/img/common/counter_bg.png]
[andit.co/projects/html/and-tour/demo/assets/img/icon/plane-right-blue.png]
[andit.co/projects/html/and-tour/demo/assets/css/style.css]
[andit.co/projects/html/and-tour/demo/assets/css/responsive.css]
[andit.co/projects/html/and-tour/demo/assets/css/slick.min.css]
[andit.co/projects/html/and-tour/demo/assets/css/slick-theme.css]
[andit.co/projects/html/and-tour/demo/assets/css/nouislider.css]
[andit.co/projects/html/and-tour/demo/assets/img/logo_black.png]
[andit.co/projects/html/and-tour/demo/login.html]
[andit.co/projects/html/and-tour/demo/assets/img/icon/google.png]
[andit.co/projects/html/and-tour/demo/assets/img/icon/facebook.png]
[andit.co/projects/html/and-tour/demo/assets/img/icon/twitter.png]
[andit.co/projects/html/and-tour/demo/register.html]
[andit.co/projects/html/and-tour/demo/assets/css/popup.css]
[andit.co/projects/html/and-tour/demo/assets/img/banner/banner-two-bg-1.png]
[andit.co/projects/html/and-tour/demo/assets/img/banner/banner-two-bg-2.png]
[andit.co/projects/html/and-tour/demo/assets/img/banner/banner-two-bg-3.png]
[andit.co/projects/html/and-tour/demo/assets/img/icon/service-1.png]
[andit.co/projects/html/and-tour/demo/assets/img/icon/service-2.png]
[andit.co/projects/html/and-tour/demo/assets/img/icon/service-3.png]
[andit.co/projects/html/and-tour/demo/assets/img/icon/service-4.png]
[andit.co/projects/html/and-tour/demo/assets/img/icon/service-5.png]
[andit.co/projects/html/and-tour/demo/assets/img/icon/service-6.png]
[andit.co/projects/html/and-tour/demo/assets/img/holiday-img/holiday-1.png]
[andit.co/projects/html/and-tour/demo/assets/img/holiday-img/holiday-2.png]
[andit.co/projects/html/and-tour/demo/assets/img/holiday-img/holiday-3.png]
[andit.co/projects/html/and-tour/demo/assets/img/holiday-img/holiday-4.png]
[andit.co/projects/html/and-tour/demo/assets/img/holiday-img/holiday-5.png]
[andit.co/projects/html/and-tour/demo/assets/img/holiday-img/holiday-6.png]
[andit.co/projects/html/and-tour/demo/assets/img/icon/about-1.png]
[andit.co/projects/html/and-tour/demo/assets/img/icon/about-2.png]
[andit.co/projects/html/and-tour/demo/assets/img/icon/about-3.png]
[andit.co/projects/html/and-tour/demo/assets/img/common/about_two.png]
[andit.co/projects/html/and-tour/demo/assets/img/destination/home-two-des-1.png]
[andit.co/projects/html/and-tour/demo/assets/img/destination/home-two-des-2.png]
[andit.co/projects/html/and-tour/demo/assets/img/destination/home-two-des-3.png]
[andit.co/projects/html/and-tour/demo/assets/img/destination/home-two-des-4.png]
[andit.co/projects/html/and-tour/demo/assets/img/destination/home-two-des-5.png]
[andit.co/projects/html/and-tour/demo/assets/img/destination/home-two-des-6.png]
[andit.co/projects/html/and-tour/demo/assets/img/icon/quote.png]
[andit.co/projects/html/and-tour/demo/assets/js/jquery.magnific-popup.min.js]
[andit.co/projects/html/and-tour/demo/assets/js/video.js]
[andit.co/projects/html/and-tour/demo/index-2.html]
[andit.co/projects/html/and-tour/demo/assets/img/common/about-three.png]
[andit.co/projects/html/and-tour/demo/assets/img/icon/play.png]
[andit.co/projects/html/and-tour/demo/assets/img/common/verified.png]
[andit.co/projects/html/and-tour/demo/assets/img/icon/offer-1.png]
[andit.co/projects/html/and-tour/demo/assets/img/icon/offer-2.png]
[andit.co/projects/html/and-tour/demo/assets/img/icon/offer-3.png]
[andit.co/projects/html/and-tour/demo/assets/img/icon/offer-4.png]
[andit.co/projects/html/and-tour/demo/assets/img/icon/plan.png]
[andit.co/projects/html/and-tour/demo/assets/img/icon/location.png]
[andit.co/projects/html/and-tour/demo/assets/img/icon/suport.png]
[andit.co/projects/html/and-tour/demo/assets/img/icon/test.png]
[andit.co/projects/html/and-tour/demo/index-3.html]
[andit.co/projects/html/and-tour/demo/assets/img/banner/banner-4.png]
[andit.co/projects/html/and-tour/demo/assets/img/icon/plan-md.png]
[andit.co/projects/html/and-tour/demo/assets/img/icon/price.png]
[andit.co/projects/html/and-tour/demo/assets/img/icon/customer.png]
[andit.co/projects/html/and-tour/demo/assets/img/tour/popular-1.png]
[andit.co/projects/html/and-tour/demo/assets/img/tour/popular-2.png]
[andit.co/projects/html/and-tour/demo/assets/img/tour/popular-4.png]
[andit.co/projects/html/and-tour/demo/assets/img/icon/forest.png]
[andit.co/projects/html/and-tour/demo/assets/img/icon/bag.png]
[andit.co/projects/html/and-tour/demo/assets/img/icon/tour.png]
[andit.co/projects/html/and-tour/demo/assets/img/icon/family.png]
[andit.co/projects/html/and-tour/demo/assets/img/common/offer_banner.png]
[andit.co/projects/html/and-tour/demo/assets/img/common/testimonial.png]
[andit.co/projects/html/and-tour/demo/assets/img/common/quote.png]
[andit.co/projects/html/and-tour/demo/assets/img/news/news-2.png]
[andit.co/projects/html/and-tour/demo/assets/img/news/news-1.png]
[andit.co/projects/html/and-tour/demo/index-4.html]
[andit.co/projects/html/and-tour/demo/assets/js/nouislider.min.js]
[andit.co/projects/html/and-tour/demo/tour-search.html]
[andit.co/projects/html/and-tour/demo/assets/js/wNumb.js]
[andit.co/projects/html/and-tour/demo/assets/img/tour/tour-list-1.png]
[andit.co/projects/html/and-tour/demo/assets/img/tour/tour-list-2.png]
[andit.co/projects/html/and-tour/demo/assets/img/tour/tour-list-3.png]
[andit.co/projects/html/and-tour/demo/assets/img/tour/tour-list-4.png]
[andit.co/projects/html/and-tour/demo/assets/img/tour/tour-list-5.png]
[andit.co/projects/html/and-tour/demo/tour-search-list.html]
[andit.co/projects/html/and-tour/demo/tour-search-map.html]
[andit.co/projects/html/and-tour/demo/assets/css/slick-theme.min.css]
[andit.co/projects/html/and-tour/demo/assets/img/tour/big-img.png]
[andit.co/projects/html/and-tour/demo/assets/img/tour/big-img2.png]
[andit.co/projects/html/and-tour/demo/assets/img/tour/big-img3.png]
[andit.co/projects/html/and-tour/demo/assets/img/tour/big-img5.png]
[andit.co/projects/html/and-tour/demo/assets/img/tour/big-img6.png]
[andit.co/projects/html/and-tour/demo/assets/img/tour/big-img7.png]
[andit.co/projects/html/and-tour/demo/assets/img/tour/small1-img.png]
[andit.co/projects/html/and-tour/demo/assets/img/tour/small2-img.png]
[andit.co/projects/html/and-tour/demo/assets/img/tour/small3-img.png]
[andit.co/projects/html/and-tour/demo/assets/img/tour/small4-img.png]
[andit.co/projects/html/and-tour/demo/assets/img/tour/small5-img.png]
[andit.co/projects/html/and-tour/demo/assets/img/tour/small6-img.png]
[andit.co/projects/html/and-tour/demo/assets/img/review/review1.png]
[andit.co/projects/html/and-tour/demo/assets/img/review/review-small1.png]
[andit.co/projects/html/and-tour/demo/assets/img/review/review-small2.png]
[andit.co/projects/html/and-tour/demo/assets/img/review/review-small3.png]
[andit.co/projects/html/and-tour/demo/assets/img/review/review-small4.png]
[andit.co/projects/html/and-tour/demo/assets/img/review/review-small5.png]
[andit.co/projects/html/and-tour/demo/assets/img/review/review2.png]
[andit.co/projects/html/and-tour/demo/assets/img/review/review3.png]
[andit.co/projects/html/and-tour/demo/assets/img/review/review4.png]
[andit.co/projects/html/and-tour/demo/assets/img/review/review5.png]
[andit.co/projects/html/and-tour/demo/assets/js/slick-slider.js]
[andit.co/projects/html/and-tour/demo/tour-details.html]
[andit.co/projects/html/and-tour/demo/assets/js/slick.min.js]
[andit.co/projects/html/and-tour/demo/assets/js/payment-form.js]
[andit.co/projects/html/and-tour/demo/tour-booking-submission.html]
[andit.co/projects/html/and-tour/demo/assets/img/destination/main-page1.png]
[andit.co/projects/html/and-tour/demo/assets/img/destination/main-page2.png]
[andit.co/projects/html/and-tour/demo/assets/img/destination/main-page3.png]
[andit.co/projects/html/and-tour/demo/assets/img/destination/main-page4.png]
[andit.co/projects/html/and-tour/demo/assets/img/destination/main-page5.png]
[andit.co/projects/html/and-tour/demo/assets/img/destination/main-page6.png]
[andit.co/projects/html/and-tour/demo/top-destinations.html]
[andit.co/projects/html/and-tour/demo/top-destinations-details.html]
[andit.co/projects/html/and-tour/demo/assets/img/common/biman_bangla.png]
[andit.co/projects/html/and-tour/demo/assets/img/icon/right_arrow.png]
[andit.co/projects/html/and-tour/demo/assets/img/icon/bg.png]
[andit.co/projects/html/and-tour/demo/flight-search-result.html]
[andit.co/projects/html/and-tour/demo/flight-booking-submission.html]
[andit.co/projects/html/and-tour/demo/hotel-search.html]
[andit.co/projects/html/and-tour/demo/assets/img/hotel/hotel-list-1.png]
[andit.co/projects/html/and-tour/demo/assets/img/hotel/hotel-list-2.png]
[andit.co/projects/html/and-tour/demo/assets/img/hotel/hotel-list-3.png]
[andit.co/projects/html/and-tour/demo/assets/img/hotel/hotel-list-4.png]
[andit.co/projects/html/and-tour/demo/assets/img/hotel/hotel-list-5.png]
[andit.co/projects/html/and-tour/demo/hotel-search-list.html]
[andit.co/projects/html/and-tour/demo/hotel-map.html]
[andit.co/projects/html/and-tour/demo/assets/img/icon/ac.png]
[andit.co/projects/html/and-tour/demo/assets/img/icon/tv.png]
[andit.co/projects/html/and-tour/demo/assets/img/icon/gym.png]
[andit.co/projects/html/and-tour/demo/assets/img/icon/wifi.png]
[andit.co/projects/html/and-tour/demo/assets/img/hotel/hotel-big-1.png]
[andit.co/projects/html/and-tour/demo/assets/img/hotel/small-1.png]
[andit.co/projects/html/and-tour/demo/assets/img/hotel/small-2.png]
[andit.co/projects/html/and-tour/demo/assets/img/hotel/small-3.png]
[andit.co/projects/html/and-tour/demo/assets/img/hotel/small-4.png]
[andit.co/projects/html/and-tour/demo/assets/img/hotel/small-5.png]
[andit.co/projects/html/and-tour/demo/assets/img/hotel/small-6.png]
[andit.co/projects/html/and-tour/demo/assets/img/hotel/room-1.png]
[andit.co/projects/html/and-tour/demo/assets/img/hotel/room-2.png]
[andit.co/projects/html/and-tour/demo/assets/img/hotel/room-3.png]
[andit.co/projects/html/and-tour/demo/hotel-details.html]
[andit.co/projects/html/and-tour/demo/room-details.html]
[andit.co/projects/html/and-tour/demo/room-booking.html]
[andit.co/projects/html/and-tour/demo/assets/img/banner/usa.png]
[andit.co/projects/html/and-tour/demo/visa-details.html]
[andit.co/projects/html/and-tour/demo/visa-application.html]
[andit.co/projects/html/and-tour/demo/assets/img/banner/edu.png]
[andit.co/projects/html/and-tour/demo/assets/img/icon/check-black.png]
[andit.co/projects/html/and-tour/demo/assets/img/icon/support.png]
[andit.co/projects/html/and-tour/demo/assets/img/icon/dolor.png]
[andit.co/projects/html/and-tour/demo/assets/img/common/visa_info-1.png]
[andit.co/projects/html/and-tour/demo/assets/img/common/side_img.png]
[andit.co/projects/html/and-tour/demo/assets/img/icon/pdf.png]
[andit.co/projects/html/and-tour/demo/visa-info.html]
[andit.co/projects/html/and-tour/demo/assets/img/apartment/apartment-1.png]
[andit.co/projects/html/and-tour/demo/assets/img/apartment/apartment-2.png]
[andit.co/projects/html/and-tour/demo/assets/img/apartment/apartment-3.png]
[andit.co/projects/html/and-tour/demo/assets/img/apartment/apartment-4.png]
[andit.co/projects/html/and-tour/demo/assets/img/apartment/apartment-5.png]
[andit.co/projects/html/and-tour/demo/assets/img/apartment/apartment-6.png]
[andit.co/projects/html/and-tour/demo/apartment-search.html]
[andit.co/projects/html/and-tour/demo/assets/img/apartment/apartment-list-1.png]
[andit.co/projects/html/and-tour/demo/assets/img/apartment/apartment-list-2.png]
[andit.co/projects/html/and-tour/demo/assets/img/apartment/apartment-list-3.png]
[andit.co/projects/html/and-tour/demo/assets/img/apartment/apartment-list-4.png]
[andit.co/projects/html/and-tour/demo/assets/img/apartment/apartment-list-5.png]
[andit.co/projects/html/and-tour/demo/apartment-search-list.html]
[andit.co/projects/html/and-tour/demo/apartment-search-map.html]
[andit.co/projects/html/and-tour/demo/apartment-details.html]
[andit.co/projects/html/and-tour/demo/apartment-booking.html]
[andit.co/projects/html/and-tour/demo/assets/img/bus/bus-1.png]
[andit.co/projects/html/and-tour/demo/assets/img/bus/bus-2.png]
[andit.co/projects/html/and-tour/demo/assets/img/bus/bus-3.png]
[andit.co/projects/html/and-tour/demo/assets/img/bus/bus-4.png]
[andit.co/projects/html/and-tour/demo/assets/img/bus/bus-5.png]
[andit.co/projects/html/and-tour/demo/assets/img/common/bus_seat.png]
[andit.co/projects/html/and-tour/demo/assets/img/icon/seat-1.png]
[andit.co/projects/html/and-tour/demo/assets/img/icon/seat-2.png]
[andit.co/projects/html/and-tour/demo/assets/img/icon/seat-3.png]
[andit.co/projects/html/and-tour/demo/bus-search-list.html]
[andit.co/projects/html/and-tour/demo/bus-search-map.html]
[andit.co/projects/html/and-tour/demo/bus-booking.html]
[andit.co/projects/html/and-tour/demo/assets/img/cruise/cruise-1.png]
[andit.co/projects/html/and-tour/demo/assets/img/cruise/cruise-2.png]
[andit.co/projects/html/and-tour/demo/assets/img/cruise/cruise-3.png]
[andit.co/projects/html/and-tour/demo/assets/img/cruise/cruise-4.png]
[andit.co/projects/html/and-tour/demo/assets/img/cruise/cruise-5.png]
[andit.co/projects/html/and-tour/demo/cruise-search-list.html]
[andit.co/projects/html/and-tour/demo/cruise-map.html]
[andit.co/projects/html/and-tour/demo/assets/img/cruise/cruise-slider-big.png]
[andit.co/projects/html/and-tour/demo/assets/img/cruise/cruise-slider-sm-1.png]
[andit.co/projects/html/and-tour/demo/assets/img/cruise/cruise-slider-sm-2.png]
[andit.co/projects/html/and-tour/demo/assets/img/cruise/cruise-slider-sm-3.png]
[andit.co/projects/html/and-tour/demo/assets/img/cruise/cruise-slider-sm-4.png]
[andit.co/projects/html/and-tour/demo/assets/img/cruise/cruise-slider-sm-5.png]
[andit.co/projects/html/and-tour/demo/assets/img/cruise/cruise-slider-sm-6.png]
[andit.co/projects/html/and-tour/demo/cruise-details.html]
[andit.co/projects/html/and-tour/demo/cruise-booking.html]
[andit.co/projects/html/and-tour/demo/assets/img/common/abour_right.png]
[andit.co/projects/html/and-tour/demo/!]
[andit.co/projects/html/and-tour/demo/assets/img/common/small_banner.png]
[andit.co/projects/html/and-tour/demo/assets/img/common/big_banner.png]
[andit.co/projects/html/and-tour/demo/assets/img/icon/world.png]
[andit.co/projects/html/and-tour/demo/assets/img/icon/walte.png]
[andit.co/projects/html/and-tour/demo/assets/img/icon/star.png]
[andit.co/projects/html/and-tour/demo/assets/img/icon/persentis.png]
[andit.co/projects/html/and-tour/demo/assets/img/icon/user.png]
[andit.co/projects/html/and-tour/demo/assets/img/icon/bank.png]
[andit.co/projects/html/and-tour/demo/assets/img/icon/world-map.png]
[andit.co/projects/html/and-tour/demo/assets/img/icon/calander.png]
[andit.co/projects/html/and-tour/demo/assets/img/review/review6.png]
[andit.co/projects/html/and-tour/demo/assets/img/review/review7.png]
[andit.co/projects/html/and-tour/demo/assets/js/jquery.min.js]
[andit.co/projects/html/and-tour/demo/assets/js/waypoints.min.js]
[andit.co/projects/html/and-tour/demo/assets/js/jquery.counterup.min.js]
[andit.co/projects/html/and-tour/demo/about.html]
[andit.co/projects/html/and-tour/demo/assets/img/tour-guides/guide-1.png]
[andit.co/projects/html/and-tour/demo/assets/img/tour-guides/guide-2.png]
[andit.co/projects/html/and-tour/demo/assets/img/tour-guides/guide-3.png]
[andit.co/projects/html/and-tour/demo/assets/img/tour-guides/guide-4.png]
[andit.co/projects/html/and-tour/demo/assets/img/tour-guides/guide-5.png]
[andit.co/projects/html/and-tour/demo/assets/img/tour-guides/guide-6.png]
[andit.co/projects/html/and-tour/demo/assets/img/tour-guides/guide-7.png]
[andit.co/projects/html/and-tour/demo/assets/img/tour-guides/guide-9.png]
[andit.co/projects/html/and-tour/demo/assets/img/tour-guides/guide-10.png]
[andit.co/projects/html/and-tour/demo/assets/img/tour-guides/guide-11.png]
[andit.co/projects/html/and-tour/demo/assets/img/tour-guides/guide-12.png]
[andit.co/projects/html/and-tour/demo/tour-guides.html]
[andit.co/projects/html/and-tour/demo/testimonials.html]
[andit.co/projects/html/and-tour/demo/assets/img/icon/call.png]
[andit.co/projects/html/and-tour/demo/faqs.html]
[andit.co/projects/html/and-tour/demo/assets/img/icon/right.png]
[andit.co/projects/html/and-tour/demo/booking-confirmation.html]
[andit.co/projects/html/and-tour/demo/assets/img/icon/exp-1.png]
[andit.co/projects/html/and-tour/demo/assets/img/icon/exp-2.png]
[andit.co/projects/html/and-tour/demo/assets/img/icon/exp-3.png]
[andit.co/projects/html/and-tour/demo/assets/img/icon/exp-sm-1.png]
[andit.co/projects/html/and-tour/demo/assets/img/icon/exp-sm-2.png]
[andit.co/projects/html/and-tour/demo/assets/img/icon/exp-sm-3.png]
[andit.co/projects/html/and-tour/demo/assets/img/common/video-two.png]
[andit.co/projects/html/and-tour/demo/assets/img/common/vendor.png]
[andit.co/projects/html/and-tour/demo/become-expert.html]
[andit.co/projects/html/and-tour/demo/forgot-password.html]
[andit.co/projects/html/and-tour/demo/verify-otp.html]
[andit.co/projects/html/and-tour/demo/reset-password.html]
[andit.co/projects/html/and-tour/demo/privacy-policy.html]
[andit.co/projects/html/and-tour/demo/assets/img/common/error.png]
[andit.co/projects/html/and-tour/demo/error.html]
[andit.co/projects/html/and-tour/demo/assets/img/common/dashboard-user.png]
[andit.co/projects/html/and-tour/demo/dashboard.html]
[andit.co/projects/html/and-tour/demo/hotel-booking.html]
[andit.co/projects/html/and-tour/demo/flight-booking.html]
[andit.co/projects/html/and-tour/demo/tour-booking.html]
[andit.co/projects/html/and-tour/demo/booking-history.html]
[andit.co/projects/html/and-tour/demo/my-profile.html]
[andit.co/projects/html/and-tour/demo/wallet.html]
[andit.co/projects/html/and-tour/demo/notification.html]
[andit.co/projects/html/and-tour/demo/assets/img/news/news-big.png]
[andit.co/projects/html/and-tour/demo/assets/img/news/author-1.png]
[andit.co/projects/html/and-tour/demo/assets/img/news/author-2.png]
[andit.co/projects/html/and-tour/demo/assets/img/news/author-3.png]
[andit.co/projects/html/and-tour/demo/assets/img/news/news-5.png]
[andit.co/projects/html/and-tour/demo/assets/img/news/author-5.png]
[andit.co/projects/html/and-tour/demo/assets/img/news/news-6.png]
[andit.co/projects/html/and-tour/demo/assets/img/news/author-6.png]
[andit.co/projects/html/and-tour/demo/news.html]
[andit.co/projects/html/and-tour/demo/assets/img/news/news-two-1.png]
[andit.co/projects/html/and-tour/demo/assets/img/news/news-two-2.png]
[andit.co/projects/html/and-tour/demo/assets/img/news/news-two-3.png]
[andit.co/projects/html/and-tour/demo/assets/img/news/news-two-4.png]
[andit.co/projects/html/and-tour/demo/assets/img/icon/search.png]
[andit.co/projects/html/and-tour/demo/assets/img/news/news-sidebar.png]
[andit.co/projects/html/and-tour/demo/news-v2.html]
[andit.co/projects/html/and-tour/demo/news-v3.html]
[andit.co/projects/html/and-tour/demo/assets/img/news/news-4.png]
[andit.co/projects/html/and-tour/demo/news-v4.html]
[andit.co/projects/html/and-tour/demo/assets/img/news/news-details.png]
[andit.co/projects/html/and-tour/demo/assets/img/news/news_details_left.png]
[andit.co/projects/html/and-tour/demo/assets/img/news/news_details_right.png]
[andit.co/projects/html/and-tour/demo/assets/img/news/comment.png]
[andit.co/projects/html/and-tour/demo/assets/img/news/recent-1.png]
[andit.co/projects/html/and-tour/demo/assets/img/news/recent-2.png]
[andit.co/projects/html/and-tour/demo/assets/img/news/recent-3.png]
[andit.co/projects/html/and-tour/demo/assets/img/news/recent-4.png]
[andit.co/projects/html/and-tour/demo/news-details.html]
[andit.co/projects/html/and-tour/demo/news-details-v2.html]
[andit.co/projects/html/and-tour/demo/contact.html]
[andit.co/projects/html/and-tour/demo/contact-v2.html]
[andit.co/projects/html/and-tour/demo/assets/img/common/how-1.png]
[andit.co/projects/html/and-tour/demo/assets/img/common/how-2.png]
[andit.co/projects/html/and-tour/demo/assets/img/common/how-3.png]
[andit.co/projects/html/and-tour/demo/assets/img/common/video.png]
[andit.co/projects/html/and-tour/demo/become-vendor.html]
[andit.co/projects/html/and-tour/demo/assets/img/partner/2.png]
[andit.co/projects/html/and-tour/demo/terms-service.html]
[andit.co/projects/html/and-tour/demo/faq.html]
[andit.co/projects/html/and-tour/demo/assets/img/partner/6.png]
[andit.co/projects/html/and-tour/demo/assets/img/partner/7.png]
[andit.co/projects/html/and-tour/demo/assets/webfonts/fa-brands-400.svg]
[andit.co/projects/html/and-tour/demo/assets/webfonts/fa-regular-400.svg]
[andit.co/projects/html/and-tour/demo/assets/js/owl.carousel.min.js]
[andit.co/projects/html/and-tour/demo/assets/webfonts/fa-solid-900.svg]
[andit.co/projects/html/and-tour/demo/assets/js/jquery.meanmenu.js]
[andit.co/projects/html/and-tour/demo/assets/css/owl.video.play.html]
[andit.co/projects/html/and-tour/demo/assets/css/slick.min.css]
[andit.co/projects/html/and-tour/demo/assets/css/slick-theme.html]
[andit.co/projects/html/and-tour/demo/assets/css/nouislider.css]
[andit.co/projects/html/and-tour/demo/assets/css/popup.css]
[andit.co/projects/html/and-tour/demo/assets/img/banner/banner-three.png]
[andit.co/projects/html/and-tour/demo/assets/img/common/test-bg.png]
[andit.co/projects/html/and-tour/demo/assets/img/banner/banner-two-bg-1.png]
[andit.co/projects/html/and-tour/demo/assets/img/banner/banner-two-bg-3.png]
[andit.co/projects/html/and-tour/demo/assets/img/icon/sm-call.png]
[andit.co/projects/html/and-tour/demo/assets/img/banner/banner-4.png]
[andit.co/projects/html/and-tour/demo/assets/img/tour/popular-2.png]
[andit.co/projects/html/and-tour/demo/assets/img/tour/popular-3.png]
[andit.co/projects/html/and-tour/demo/assets/img/news/news-3.png]
[andit.co/projects/html/and-tour/demo/assets/img/icon/beach.png]
[andit.co/projects/html/and-tour/demo/assets/css/ajax-loader.gif]
[andit.co/projects/html/and-tour/demo/assets/css/fonts/slick.eot]
[andit.co/projects/html/and-tour/demo/assets/css/fonts/slickd41d.eot]
[andit.co/projects/html/and-tour/demo/assets/css/fonts/slick.woff]
[andit.co/projects/html/and-tour/demo/assets/css/fonts/slick.ttf]
[andit.co/projects/html/and-tour/demo/assets/css/fonts/slick.svg]
[andit.co/projects/html/and-tour/demo/assets/css/slick-theme.min.css]
[andit.co/projects/html/and-tour/demo/assets/img/tour/big-img4.png]
[andit.co/projects/html/and-tour/demo/assets/img/tour/small7-img.png]
[andit.co/projects/html/and-tour/demo/assets/img/common/visa_info-2.png]
[andit.co/projects/html/and-tour/demo/!.html]
[andit.co/projects/html/and-tour/demo/assets/img/tour-guides/guide-7.png]
[andit.co/projects/html/and-tour/demo/assets/img/tour-guides/guide-8.png]
[andit.co/projects/html/and-tour/demo/assets/css/ajax-loader.html]
[andit.co/projects/html/and-tour/demo/assets/css/fonts/slick.html]
[andit.co/projects/html/and-tour/demo/assets/css/fonts/slickd41d.html]
[andit.co/projects/html/and-tour/demo/assets/css/fonts/slick-2.html]
[andit.co/projects/html/and-tour/demo/assets/css/fonts/slick-3.html]
[andit.co/projects/html/and-tour/demo/assets/css/fonts/slick-4.html]
